 
****************************************
Report : timing
        -path full
        -delay max
        -max_paths 1
Design : rc16
Version: V-2023.12
Date   : Sun May 31 22:01:09 2026
****************************************

Operating Conditions: tt0p78vn40c   Library: saed32rvt_tt0p78vn40c
Wire Load Model Mode: enclosed

  Startpoint: A[0] (input port)
  Endpoint: sum[15] (output port)
  Path Group: (none)
  Path Type: max

  Des/Clust/Port     Wire Load Model       Library
  ------------------------------------------------
  rc16               ForQA                 saed32rvt_tt0p78vn40c

  Point                                    Incr       Path
  -----------------------------------------------------------
  input external delay                     0.00       0.00 f
  A[0] (in)                                0.00       0.00 f
  U17/CO (FADDX1_RVT)                      0.14       0.14 f
  U32/CO (FADDX1_RVT)                      0.16       0.30 f
  U31/CO (FADDX1_RVT)                      0.16       0.46 f
  U30/CO (FADDX1_RVT)                      0.16       0.62 f
  U29/CO (FADDX1_RVT)                      0.16       0.78 f
  U28/CO (FADDX1_RVT)                      0.16       0.93 f
  U27/CO (FADDX1_RVT)                      0.16       1.09 f
  U26/CO (FADDX1_RVT)                      0.16       1.25 f
  U25/CO (FADDX1_RVT)                      0.16       1.41 f
  U24/CO (FADDX1_RVT)                      0.16       1.57 f
  U23/CO (FADDX1_RVT)                      0.16       1.72 f
  U22/CO (FADDX1_RVT)                      0.16       1.88 f
  U21/CO (FADDX1_RVT)                      0.16       2.04 f
  U20/CO (FADDX1_RVT)                      0.16       2.20 f
  U19/CO (FADDX1_RVT)                      0.16       2.36 f
  U18/S (FADDX1_RVT)                       0.23       2.58 r
  sum[15] (out)                            0.00       2.59 r
  data arrival time                                   2.59
  -----------------------------------------------------------
  (Path is unconstrained)


1
