 
****************************************
Report : area
Design : rc16
Version: V-2023.12
Date   : Sun May 31 22:01:09 2026
****************************************

Information: Updating design information... (UID-85)
Library(s) Used:

    saed32rvt_tt0p78vn40c (File: /home/ece/Downloads/C-DAC_july24/ref/lib/stdcell_rvt/saed32rvt_tt0p78vn40c.db)

Number of ports:                           50
Number of nets:                            65
Number of cells:                           16
Number of combinational cells:             16
Number of sequential cells:                 0
Number of macros/black boxes:               0
Number of buf/inv:                          0
Number of references:                       1

Combinational area:                 77.259773
Buf/Inv area:                        0.000000
Noncombinational area:               0.000000
Macro/Black Box area:                0.000000
Net Interconnect area:               5.378773

Total cell area:                    77.259773
Total area:                         82.638547

Hierarchical area distribution
------------------------------

                                  Global cell area          Local cell area
                                  ------------------  --------------------------- 
Hierarchical cell                 Absolute   Percent  Combi-    Noncombi-  Black-
                                  Total      Total    national  national   boxes   Design
--------------------------------  ---------  -------  --------  ---------  ------  ---------
rc16                                77.2598    100.0   77.2598     0.0000  0.0000  rc16
--------------------------------  ---------  -------  --------  ---------  ------  ---------
Total                                                  77.2598     0.0000  0.0000

1
